Microchip Technology Inc, v1.26 (A)

Tool Name:
  /opt/microchip/xc16/v1.26/bin/bin/../bin/elf-ld

Command:
  -p24HJ128GP202 \
  -o \
  ./build/release/TestBuild.out \
  -L/opt/microchip/xc16/v1.26/bin/bin/.. \
  -L/opt/microchip/xc16/v1.26/bin/bin/../../lib \
  -L/opt/microchip/xc16/v1.26/bin/bin/../../support/PIC24E/gld \
  -L/opt/microchip/xc16/v1.26/bin/bin/../../support/PIC24F/gld \
  -L/opt/microchip/xc16/v1.26/bin/bin/../../support/PIC24H/gld \
  -L/opt/microchip/xc16/v1.26/bin/bin/../../support/dsPIC30F/gld \
  -L/opt/microchip/xc16/v1.26/bin/bin/../../support/dsPIC33E/gld \
  -L/opt/microchip/xc16/v1.26/bin/bin/../../support/dsPIC33F/gld \
  build/test/out/test_main_runner.o \
  build/test/out/test_main.o \
  build/test/out/unity.o \
  build/test/out/main.o \
  build/test/out/cmock.o \
  -Tp24HJ128GP202.gld.00 \
  -Map=./build/release/TestOutput.map \
  --report-mem \
  -start-group \
  --library=lega-pic30-elf \
  --library=m-elf \
  --library=lega-c-elf \
  -end-group \


Optional library libp24HJ128GP202.a not found
Archive member included because of file (symbol)

/opt/microchip/xc16/v1.26/bin/bin/../../lib/liblega-pic30-elf.a(crt0_standard.o)
                              (__resetPRI)
/opt/microchip/xc16/v1.26/bin/bin/../../lib/liblega-pic30-elf.a(data_init_standard.o)
                              /opt/microchip/xc16/v1.26/bin/bin/../../lib/liblega-pic30-elf.a(crt0_standard.o) (__data_init_standard)
/opt/microchip/xc16/v1.26/bin/bin/../../lib/libm-elf.a(addsf3.eo)
                              build/test/out/unity.o (___subsf3)
/opt/microchip/xc16/v1.26/bin/bin/../../lib/libm-elf.a(feqltle.eo)
                              build/test/out/unity.o (___ltsf2)
/opt/microchip/xc16/v1.26/bin/bin/../../lib/libm-elf.a(fgtge.eo)
                              build/test/out/unity.o (___gtsf2)
/opt/microchip/xc16/v1.26/bin/bin/../../lib/libm-elf.a(fne.eo)
                              build/test/out/unity.o (___nesf2)
/opt/microchip/xc16/v1.26/bin/bin/../../lib/libm-elf.a(fpack.eo)
                              /opt/microchip/xc16/v1.26/bin/bin/../../lib/libm-elf.a(addsf3.eo) (__fpack)
/opt/microchip/xc16/v1.26/bin/bin/../../lib/libm-elf.a(funpack2.eo)
                              /opt/microchip/xc16/v1.26/bin/bin/../../lib/libm-elf.a(addsf3.eo) (__funpack2)
/opt/microchip/xc16/v1.26/bin/bin/../../lib/libm-elf.a(futil.eo)
                              /opt/microchip/xc16/v1.26/bin/bin/../../lib/libm-elf.a(addsf3.eo) (__fPropagateNaN)
/opt/microchip/xc16/v1.26/bin/bin/../../lib/libm-elf.a(mulsf3.eo)
                              build/test/out/unity.o (___mulsf3)
/opt/microchip/xc16/v1.26/bin/bin/../../lib/libm-elf.a(udivsi3.eo)
                              build/test/out/unity.o (___udivsi3)
/opt/microchip/xc16/v1.26/bin/bin/../../lib/libm-elf.a(umodsi3.eo)
                              build/test/out/unity.o (___umodsi3)
/opt/microchip/xc16/v1.26/bin/bin/../../lib/libm-elf.a(mulsi3.eo)
                              build/test/out/unity.o (___mulsi3)
/opt/microchip/xc16/v1.26/bin/bin/../../lib/libm-elf.a(fcompare.eo)
                              /opt/microchip/xc16/v1.26/bin/bin/../../lib/libm-elf.a(feqltle.eo) (__fcompare)
/opt/microchip/xc16/v1.26/bin/bin/../../lib/libm-elf.a(funpack.eo)
                              /opt/microchip/xc16/v1.26/bin/bin/../../lib/libm-elf.a(funpack2.eo) (__funpack)
/opt/microchip/xc16/v1.26/bin/bin/../../lib/liblega-c-elf.a(setjmp.XXeso)
                              build/test/out/test_main_runner.o (_setjmp)
/opt/microchip/xc16/v1.26/bin/bin/../../lib/liblega-c-elf.a(longjmp.XXeso)
                              build/test/out/unity.o (_longjmp)
/opt/microchip/xc16/v1.26/bin/bin/../../lib/liblega-c-elf.a(fflush.XXeo)
                              build/test/out/unity.o (__DNKfflush)
/opt/microchip/xc16/v1.26/bin/bin/../../lib/liblega-c-elf.a(fputc.XXeo)
                              build/test/out/unity.o (_fputc)
/opt/microchip/xc16/v1.26/bin/bin/../../lib/liblega-c-elf.a(xfiles.XXeo)
                              build/test/out/unity.o (__Stdout)
/opt/microchip/xc16/v1.26/bin/bin/../../lib/liblega-c-elf.a(xfwprep.XXeo)
                              /opt/microchip/xc16/v1.26/bin/bin/../../lib/liblega-c-elf.a(fputc.XXeo) (__Fwprep)
/opt/microchip/xc16/v1.26/bin/bin/../../lib/liblega-c-elf.a(fclose.XXelo)
                              /opt/microchip/xc16/v1.26/bin/bin/../../lib/liblega-c-elf.a(xfwprep.XXeo) (__Closreg)
/opt/microchip/xc16/v1.26/bin/bin/../../lib/liblega-c-elf.a(xatexit.XXelo)
                              /opt/microchip/xc16/v1.26/bin/bin/../../lib/liblega-c-elf.a(fclose.XXelo) (__Atexit)
/opt/microchip/xc16/v1.26/bin/bin/../../lib/liblega-c-elf.a(free.XXeo)
                              /opt/microchip/xc16/v1.26/bin/bin/../../lib/liblega-c-elf.a(fclose.XXelo) (_free)
/opt/microchip/xc16/v1.26/bin/bin/../../lib/liblega-c-elf.a(malloc.XXeo)
                              /opt/microchip/xc16/v1.26/bin/bin/../../lib/liblega-c-elf.a(free.XXeo) (__Aldata)
/opt/microchip/xc16/v1.26/bin/bin/../../lib/liblega-c-elf.a(xgetmem.XXeo)
                              /opt/microchip/xc16/v1.26/bin/bin/../../lib/liblega-c-elf.a(malloc.XXeo) (__Getmem)
/opt/microchip/xc16/v1.26/bin/bin/../../lib/liblega-pic30-elf.a(close.Leo)
                              /opt/microchip/xc16/v1.26/bin/bin/../../lib/liblega-c-elf.a(fclose.XXelo) (_close)
/opt/microchip/xc16/v1.26/bin/bin/../../lib/liblega-pic30-elf.a(write.Leo)
                              /opt/microchip/xc16/v1.26/bin/bin/../../lib/liblega-c-elf.a(fflush.XXeo) (_write)
/opt/microchip/xc16/v1.26/bin/bin/../../lib/liblega-pic30-elf.a(remove.Leo)
                              /opt/microchip/xc16/v1.26/bin/bin/../../lib/liblega-c-elf.a(fclose.XXelo) (_remove)
/opt/microchip/xc16/v1.26/bin/bin/../../lib/liblega-pic30-elf.a(sbrk.Leo)
                              /opt/microchip/xc16/v1.26/bin/bin/../../lib/liblega-c-elf.a(xgetmem.XXeo) (_sbrk)
/opt/microchip/xc16/v1.26/bin/bin/../../lib/liblega-pic30-elf.a(c30_uart.Leo)
                              /opt/microchip/xc16/v1.26/bin/bin/../../lib/liblega-pic30-elf.a(write.Leo) (___C30_UART)
/opt/microchip/xc16/v1.26/bin/bin/../../lib/liblega-pic30-elf.a(brk.Lelo)
                              /opt/microchip/xc16/v1.26/bin/bin/../../lib/liblega-pic30-elf.a(sbrk.Leo) (_brk)


xc16-ld 1.26 (A)

Program Memory  [Origin = 0x200, Length = 0x15600]

section                    address   length (PC units)   length (bytes) (dec)
-------                    -------   -----------------   --------------------
.text                        0x200               0x75e           0xb0d  (2829)
.const                       0x95e               0x364           0x516  (1302)
.text                        0xcc2              0x136a          0x1d1f  (7455)
.dinit                      0x202c                0xb2           0x10b  (267)
.text                       0x20de                0x64            0x96  (150)
.shared.dinit               0x2142                 0x2             0x3  (3)

                 Total program memory used (bytes):         0x2ee6  (12006) 9%


Data Memory  [Origin = 0x800, Length = 0x2000]

section                    address      alignment gaps    total length  (dec)
-------                    -------      --------------    -------------------
.ndata                       0x800                   0            0x14  (20)
.nbss                        0x814                   0             0x8  (8)
.bss                         0x81c                   0          0x1002  (4098)
.data                       0x181e                   0            0x88  (136)
.bss                        0x18a6                   0            0x4a  (74)
.data                       0x18f0                   0             0x4  (4)
.bss                        0x18f4                   0             0x2  (2)

                 Total data memory used (bytes):         0x10f6  (4342) 53%


Dynamic Memory Usage

region                     address                      maximum length  (dec)
------                     -------                      ---------------------
heap                             0                                   0  (0)
stack                       0x18f6                               0xf0a  (3850)

                 Maximum dynamic memory (bytes):          0xf0a  (3850)


External Symbols in Data Memory (by address):

                    0x0800                  _CMockStringOutOfMemory
                    0x0802                  _CMockStringCalledMore
                    0x0804                  _CMockStringCalledLess
                    0x0806                  _CMockStringCalledEarly
                    0x0808                  _CMockStringCalledLate
                    0x080a                  _CMockStringCallOrder
                    0x080c                  _CMockStringIgnPreExp
                    0x080e                  _CMockStringPtrPreExp
                    0x0810                  _CMockStringExpNULL
                    0x0812                  _CMockStringMismatch
                    0x0814                  _GlobalExpectCount
                    0x0816                  _GlobalVerifyOrder
                    0x0818                  _GlobalOrderError
                    0x181e                  __Stdin
                    0x1846                  __Stdout
                    0x186e                  __Stderr
                    0x1896                  __Files
                    0x18a6                  _Unity
                    0x18ea                  __Aldata
                    0x18f0                  __Size_block
                    0x18f2                  ___C30_UART
                    0x18f4                  ___curbrk

External Symbols in Data Memory (by name):

                    0x080a                  _CMockStringCallOrder
                    0x0806                  _CMockStringCalledEarly
                    0x0808                  _CMockStringCalledLate
                    0x0804                  _CMockStringCalledLess
                    0x0802                  _CMockStringCalledMore
                    0x0810                  _CMockStringExpNULL
                    0x080c                  _CMockStringIgnPreExp
                    0x0812                  _CMockStringMismatch
                    0x0800                  _CMockStringOutOfMemory
                    0x080e                  _CMockStringPtrPreExp
                    0x0814                  _GlobalExpectCount
                    0x0818                  _GlobalOrderError
                    0x0816                  _GlobalVerifyOrder
                    0x18a6                  _Unity
                    0x18ea                  __Aldata
                    0x1896                  __Files
                    0x18f0                  __Size_block
                    0x186e                  __Stderr
                    0x181e                  __Stdin
                    0x1846                  __Stdout
                    0x18f2                  ___C30_UART
                    0x18f4                  ___curbrk

External Symbols in Program Memory (by address):

                  0x000200                  __resetPRI
                  0x00022c                  __psv_init
                  0x00023c                  __data_init
                  0x00023c                  __data_init_standard
                  0x0002b0                  __DefaultInterrupt
                  0x000376                  ___subsf3
                  0x000378                  ___addsf3
                  0x000432                  ___lesf2
                  0x000432                  ___eqsf2
                  0x000432                  ___ltsf2
                  0x000436                  ___gtsf2
                  0x000436                  ___gesf2
                  0x00043a                  ___nesf2
                  0x00043e                  __fpack
                  0x00048a                  __funpack2
                  0x00049a                  __fPropagateNaN
                  0x0004ac                  __fbopExit
                  0x0004b4                  __fbopReturnNaN
                  0x0004ba                  ___mulsf3
                  0x000522                  ___udivsi3
                  0x000542                  ___umodsi3
                  0x000548                  ___mulp32eds3
                  0x000548                  ___mulp32peds3
                  0x000548                  ___mulsi3
                  0x000554                  __fcompare
                  0x00058a                  __funpack
                  0x0005b4                  _setjmp
                  0x0005d0                  _longjmp
                  0x0005f2                  __DNKfflush
                  0x000668                  _fputc
                  0x0006b4                  __Fwprep
                  0x000746                  __Closreg
                  0x000758                  _fclose
                  0x0007e8                  fclose.XXelo:_closeall
                  0x000808                  __Atexit
                  0x000820                  _free
                  0x0008ea                  _malloc
                  0x00093e                  __Getmem
                  0x00095e                  _UnityStrErrFloat
                  0x00097c                  _UnityStrErrDouble
                  0x00099c                  _UnityStrErr64
                  0x000dce                  _UnityPrintNumberUnsigned
                  0x000e50                  _UnityPrintNumber
                  0x000e7c                  _UnityPrintNumberHex
                  0x000eda                  _UnityPrintNumberByStyle
                  0x000f50                  _UnityPrintLen
                  0x00102c                  _UnityPrint
                  0x001328                  _UnityPrintMask
                  0x0013c2                  _UnityPrintFail
                  0x0013c6                  _UnityPrintOk
                  0x0013ca                  _UnityConcludeTest
                  0x001424                  _UnityAssertBits
                  0x001498                  _UnityAssertEqualNumber
                  0x0014f4                  _UnityAssertEqualIntArray
                  0x0016a6                  _UnityAssertEqualFloatArray
                  0x00176e                  _UnityAssertFloatsWithin
                  0x0017b2                  _UnityAssertFloatSpecial
                  0x00193c                  _UnityAssertNumbersWithin
                  0x0019e0                  _UnityAssertEqualString
                  0x001a5c                  _UnityAssertEqualStringLen
                  0x001afa                  _UnityAssertEqualStringArray
                  0x001c20                  _UnityAssertEqualMemory
                  0x001d58                  _UnityFail
                  0x001de6                  _UnityIgnore
                  0x001e56                  _UnityDefaultTestRun
                  0x001ea2                  _UnityBegin
                  0x001ec8                  _UnityEnd
                  0x001f64                  _CMock_Guts_MemNew
                  0x001f90                  _CMock_Guts_MemChain
                  0x001fc6                  _CMock_Guts_MemNext
                  0x001fe6                  _CMock_Guts_MemEndOfChain
                  0x002000                  _CMock_Guts_GetAddressFor
                  0x002014                  _CMock_Guts_MemBytesFree
                  0x00201c                  _CMock_Guts_MemBytesUsed
                  0x002020                  _CMock_Guts_MemFreeAll
                  0x002026                  _CMock_Guts_MemFreeFinal
                  0x0020de                  _resetTest
                  0x0020e6                  _main
                  0x002134                  _setUp
                  0x002136                  _tearDown
                  0x002138                  _test_main_NeedToImplement

External Symbols in Program Memory (by name):

                  0x002000                  _CMock_Guts_GetAddressFor
                  0x002014                  _CMock_Guts_MemBytesFree
                  0x00201c                  _CMock_Guts_MemBytesUsed
                  0x001f90                  _CMock_Guts_MemChain
                  0x001fe6                  _CMock_Guts_MemEndOfChain
                  0x002020                  _CMock_Guts_MemFreeAll
                  0x002026                  _CMock_Guts_MemFreeFinal
                  0x001f64                  _CMock_Guts_MemNew
                  0x001fc6                  _CMock_Guts_MemNext
                  0x001424                  _UnityAssertBits
                  0x0016a6                  _UnityAssertEqualFloatArray
                  0x0014f4                  _UnityAssertEqualIntArray
                  0x001c20                  _UnityAssertEqualMemory
                  0x001498                  _UnityAssertEqualNumber
                  0x0019e0                  _UnityAssertEqualString
                  0x001afa                  _UnityAssertEqualStringArray
                  0x001a5c                  _UnityAssertEqualStringLen
                  0x0017b2                  _UnityAssertFloatSpecial
                  0x00176e                  _UnityAssertFloatsWithin
                  0x00193c                  _UnityAssertNumbersWithin
                  0x001ea2                  _UnityBegin
                  0x0013ca                  _UnityConcludeTest
                  0x001e56                  _UnityDefaultTestRun
                  0x001ec8                  _UnityEnd
                  0x001d58                  _UnityFail
                  0x001de6                  _UnityIgnore
                  0x00102c                  _UnityPrint
                  0x0013c2                  _UnityPrintFail
                  0x000f50                  _UnityPrintLen
                  0x001328                  _UnityPrintMask
                  0x000e50                  _UnityPrintNumber
                  0x000eda                  _UnityPrintNumberByStyle
                  0x000e7c                  _UnityPrintNumberHex
                  0x000dce                  _UnityPrintNumberUnsigned
                  0x0013c6                  _UnityPrintOk
                  0x00099c                  _UnityStrErr64
                  0x00097c                  _UnityStrErrDouble
                  0x00095e                  _UnityStrErrFloat
                  0x000808                  __Atexit
                  0x000746                  __Closreg
                  0x0005f2                  __DNKfflush
                  0x0002b0                  __DefaultInterrupt
                  0x0006b4                  __Fwprep
                  0x00093e                  __Getmem
                  0x000378                  ___addsf3
                  0x000432                  ___eqsf2
                  0x000436                  ___gesf2
                  0x000436                  ___gtsf2
                  0x000432                  ___lesf2
                  0x000432                  ___ltsf2
                  0x000548                  ___mulp32eds3
                  0x000548                  ___mulp32peds3
                  0x0004ba                  ___mulsf3
                  0x000548                  ___mulsi3
                  0x00043a                  ___nesf2
                  0x000376                  ___subsf3
                  0x000522                  ___udivsi3
                  0x000542                  ___umodsi3
                  0x00023c                  __data_init
                  0x00023c                  __data_init_standard
                  0x00049a                  __fPropagateNaN
                  0x0004ac                  __fbopExit
                  0x0004b4                  __fbopReturnNaN
                  0x000554                  __fcompare
                  0x00043e                  __fpack
                  0x00058a                  __funpack
                  0x00048a                  __funpack2
                  0x00022c                  __psv_init
                  0x000200                  __resetPRI
                  0x000758                  _fclose
                  0x000668                  _fputc
                  0x000820                  _free
                  0x0005d0                  _longjmp
                  0x0020e6                  _main
                  0x0008ea                  _malloc
                  0x0020de                  _resetTest
                  0x002134                  _setUp
                  0x0005b4                  _setjmp
                  0x002136                  _tearDown
                  0x002138                  _test_main_NeedToImplement
                  0x0007e8                  fclose.XXelo:_closeall

Memory Configuration

Name             Origin             Length             Attributes
data             0x000800           0x002000           a !xr
reset            0x000000           0x000004  
ivt              0x000004           0x0000fc  
_reserved        0x000100           0x000004  
aivt             0x000104           0x0000fc  
program          0x000200           0x015600           xr
FBS              0xf80000           0x000002  
FSS              0xf80002           0x000002  
FGS              0xf80004           0x000002  
FOSCSEL          0xf80006           0x000002  
FOSC             0xf80008           0x000002  
FWDT             0xf8000a           0x000002  
FPOR             0xf8000c           0x000002  
FICD             0xf8000e           0x000002  
FUID0            0xf80010           0x000002  
FUID1            0xf80012           0x000002  
FUID2            0xf80014           0x000002  
FUID3            0xf80016           0x000002  
*default*        0x000000           0xffffffff  

Linker script and memory map

LOAD build/test/out/test_main_runner.o
LOAD build/test/out/test_main.o
LOAD build/test/out/unity.o
LOAD build/test/out/main.o
LOAD build/test/out/cmock.o
LOAD p24HJ128GP202
LOAD /opt/microchip/xc16/v1.26/bin/bin/../../lib/libfx-elf.a
                    0xf80000                  __FBS = 0xf80000
                    0xf80002                  __FSS = 0xf80002
                    0xf80004                  __FGS = 0xf80004
                    0xf80006                  __FOSCSEL = 0xf80006
                    0xf80008                  __FOSC = 0xf80008
                    0xf8000a                  __FWDT = 0xf8000a
                    0xf8000c                  __FPOR = 0xf8000c
                    0xf8000e                  __FICD = 0xf8000e
                    0xf80010                  __FUID0 = 0xf80010
                    0xf80012                  __FUID1 = 0xf80012
                    0xf80014                  __FUID2 = 0xf80014
                    0xf80016                  __FUID3 = 0xf80016
                    0x0200                  __CODE_BASE = 0x200
                    0x15600                  __CODE_LENGTH = 0x15600
                    0x0004                  __IVT_BASE = 0x4
                    0x0104                  __AIVT_BASE = 0x104
                    0x0800                  __DATA_BASE = 0x800
                    0x2000                  __DATA_LENGTH = 0x2000
                    0x2000                  __DMA_BASE = 0x2000
                    0x27ff                  __DMA_END = 0x27ff

.reset            0x000000          0x4
                  0x000000          0x2 SHORT 0x200 ABSOLUTE (__reset)
                  0x000001          0x2 SHORT 0x4
                  0x000002          0x2 SHORT 0x0 ((ABSOLUTE (__reset) >> 0x10) & 0x7f)
                  0x000003          0x2 SHORT 0x0

.text             0x000200        0x75e
 *(.init)
 .init            0x000200         0x3c /opt/microchip/xc16/v1.26/bin/bin/../../lib/liblega-pic30-elf.a(crt0_standard.o)
                  0x000200                  __reset
                  0x000200                  __resetPRI
                  0x00022c                  __psv_init
 .init            0x00023c         0x6c /opt/microchip/xc16/v1.26/bin/bin/../../lib/liblega-pic30-elf.a(data_init_standard.o)
                  0x00023c                  __data_init
                  0x00023c                  __data_init_standard
 *(.user_init)
 *(.handle)
 .handle          0x0002a8          0x8 jump_table
 *(.isr*)
 .isr             0x0002b0          0x4 default_isr
                  0x0002b0                  __DefaultInterrupt
 *(.libc)
 .libc            0x0002b4         0x12 /opt/microchip/xc16/v1.26/bin/bin/../../lib/liblega-pic30-elf.a(close.Leo)
                  0x0002b4                  _close
 .libc            0x0002c6         0x5c /opt/microchip/xc16/v1.26/bin/bin/../../lib/liblega-pic30-elf.a(write.Leo)
                  0x0002c6                  _write
 .libc            0x000322         0x12 /opt/microchip/xc16/v1.26/bin/bin/../../lib/liblega-pic30-elf.a(remove.Leo)
                  0x000322                  _remove
 .libc            0x000334         0x28 /opt/microchip/xc16/v1.26/bin/bin/../../lib/liblega-pic30-elf.a(sbrk.Leo)
                  0x000334                  _sbrk
 .libc            0x00035c         0x1a /opt/microchip/xc16/v1.26/bin/bin/../../lib/liblega-pic30-elf.a(brk.Lelo)
                  0x00035c                  _brk
 *(.libm)
 *(.libdsp)
 *(.lib*)
 .libm.subsf3     0x000376         0xbc /opt/microchip/xc16/v1.26/bin/bin/../../lib/libm-elf.a(addsf3.eo)
                  0x000376                  ___subsf3
                  0x000378                  ___addsf3
 .libm.eqsf2      0x000432          0x4 /opt/microchip/xc16/v1.26/bin/bin/../../lib/libm-elf.a(feqltle.eo)
                  0x000432                  ___lesf2
                  0x000432                  ___eqsf2
                  0x000432                  ___ltsf2
 .libm.gtsf2      0x000436          0x4 /opt/microchip/xc16/v1.26/bin/bin/../../lib/libm-elf.a(fgtge.eo)
                  0x000436                  ___gtsf2
                  0x000436                  ___gesf2
 .libm.nesf2      0x00043a          0x4 /opt/microchip/xc16/v1.26/bin/bin/../../lib/libm-elf.a(fne.eo)
                  0x00043a                  ___nesf2
 .libm.fpack      0x00043e         0x4c /opt/microchip/xc16/v1.26/bin/bin/../../lib/libm-elf.a(fpack.eo)
                  0x00043e                  __fpack
 .libm.funpack2
                  0x00048a         0x10 /opt/microchip/xc16/v1.26/bin/bin/../../lib/libm-elf.a(funpack2.eo)
                  0x00048a                  __funpack2
 .libm.fPropagateNaN
                  0x00049a         0x12 /opt/microchip/xc16/v1.26/bin/bin/../../lib/libm-elf.a(futil.eo)
                  0x00049a                  __fPropagateNaN
 .libm.fbobExit
                  0x0004ac          0x8 /opt/microchip/xc16/v1.26/bin/bin/../../lib/libm-elf.a(futil.eo)
                  0x0004ac                  __fbopExit
 .libm.fbopReturnNaN
                  0x0004b4          0x6 /opt/microchip/xc16/v1.26/bin/bin/../../lib/libm-elf.a(futil.eo)
                  0x0004b4                  __fbopReturnNaN
 .libm.mulsf3     0x0004ba         0x68 /opt/microchip/xc16/v1.26/bin/bin/../../lib/libm-elf.a(mulsf3.eo)
                  0x0004ba                  ___mulsf3
 .libm.udivsi3    0x000522         0x20 /opt/microchip/xc16/v1.26/bin/bin/../../lib/libm-elf.a(udivsi3.eo)
                  0x000522                  ___udivsi3
 .libm.umodsi3    0x000542          0x6 /opt/microchip/xc16/v1.26/bin/bin/../../lib/libm-elf.a(umodsi3.eo)
                  0x000542                  ___umodsi3
 .libm.mulsi3     0x000548          0xc /opt/microchip/xc16/v1.26/bin/bin/../../lib/libm-elf.a(mulsi3.eo)
                  0x000548                  ___mulp32eds3
                  0x000548                  ___mulp32peds3
                  0x000548                  ___mulsi3
 .libm.fcompare
                  0x000554         0x36 /opt/microchip/xc16/v1.26/bin/bin/../../lib/libm-elf.a(fcompare.eo)
                  0x000554                  __fcompare
 .libm.funpack    0x00058a         0x2a /opt/microchip/xc16/v1.26/bin/bin/../../lib/libm-elf.a(funpack.eo)
                  0x00058a                  __funpack
 .libc.setjmp     0x0005b4         0x1c /opt/microchip/xc16/v1.26/bin/bin/../../lib/liblega-c-elf.a(setjmp.XXeso)
                  0x0005b4                  _setjmp
 .libc.longjmp    0x0005d0         0x22 /opt/microchip/xc16/v1.26/bin/bin/../../lib/liblega-c-elf.a(longjmp.XXeso)
                  0x0005d0                  _longjmp
 .libc._DNKfflush
                  0x0005f2         0x76 /opt/microchip/xc16/v1.26/bin/bin/../../lib/liblega-c-elf.a(fflush.XXeo)
                  0x0005f2                  __DNKfflush
 .libc.fputc      0x000668         0x4c /opt/microchip/xc16/v1.26/bin/bin/../../lib/liblega-c-elf.a(fputc.XXeo)
                  0x000668                  _fputc
 .libc._Fwprep    0x0006b4         0x8e /opt/microchip/xc16/v1.26/bin/bin/../../lib/liblega-c-elf.a(xfwprep.XXeo)
                  0x0006b4                  __Fwprep
 .libc.closeallreg
                  0x000742          0x4 /opt/microchip/xc16/v1.26/bin/bin/../../lib/liblega-c-elf.a(fclose.XXelo)
 .libc._Closreg
                  0x000746         0x12 /opt/microchip/xc16/v1.26/bin/bin/../../lib/liblega-c-elf.a(fclose.XXelo)
                  0x000746                  __Closreg
 .libc.fclose     0x000758         0x90 /opt/microchip/xc16/v1.26/bin/bin/../../lib/liblega-c-elf.a(fclose.XXelo)
                  0x000758                  _fclose
 .libc.closeall
                  0x0007e8         0x20 /opt/microchip/xc16/v1.26/bin/bin/../../lib/liblega-c-elf.a(fclose.XXelo)
                  0x0007e8                  fclose.XXelo:_closeall
 .libc._Atexit    0x000808         0x18 /opt/microchip/xc16/v1.26/bin/bin/../../lib/liblega-c-elf.a(xatexit.XXelo)
                  0x000808                  __Atexit
 .libc.free       0x000820         0x64 /opt/microchip/xc16/v1.26/bin/bin/../../lib/liblega-c-elf.a(free.XXeo)
                  0x000820                  _free
 .libc.findmem    0x000884         0x66 /opt/microchip/xc16/v1.26/bin/bin/../../lib/liblega-c-elf.a(malloc.XXeo)
 .libc.malloc     0x0008ea         0x54 /opt/microchip/xc16/v1.26/bin/bin/../../lib/liblega-c-elf.a(malloc.XXeo)
                  0x0008ea                  _malloc
 .libc._Getmem    0x00093e         0x14 /opt/microchip/xc16/v1.26/bin/bin/../../lib/liblega-c-elf.a(xgetmem.XXeo)
                  0x00093e                  __Getmem
 .libc.doclose    0x000952          0x4 /opt/microchip/xc16/v1.26/bin/bin/../../lib/liblega-pic30-elf.a(close.Leo)
 .libc.dowrite    0x000956          0x4 /opt/microchip/xc16/v1.26/bin/bin/../../lib/liblega-pic30-elf.a(write.Leo)
 .libc.doremove
                  0x00095a          0x4 /opt/microchip/xc16/v1.26/bin/bin/../../lib/liblega-pic30-elf.a(remove.Leo)

usercode
 *(usercode)

__FBS
 *(__FBS.sec*)

__FSS
 *(__FSS.sec*)

__FGS
 *(__FGS.sec*)

__FOSCSEL
 *(__FOSCSEL.sec*)

__FOSC
 *(__FOSC.sec*)

__FWDT
 *(__FWDT.sec*)

__FPOR
 *(__FPOR.sec*)

__FICD
 *(__FICD.sec*)

__FUID0
 *(__FUID0.sec*)

__FUID1
 *(__FUID1.sec*)

__FUID2
 *(__FUID2.sec*)

__FUID3
 *(__FUID3.sec*)

.comment          0x000000         0x5e
 *(.comment)
 .comment         0x000000         0x5e /opt/microchip/xc16/v1.26/bin/bin/../../lib/liblega-c-elf.a(xfiles.XXeo)

.debug_info
 *(.debug_info)
 *(.gnu.linkonce.wi.*)

.debug_abbrev
 *(.debug_abbrev)

.debug_line
 *(.debug_line)

.debug_frame
 *(.debug_frame)

.debug_str
 *(.debug_str)

.debug_loc
 *(.debug_loc)

.debug_macinfo
 *(.debug_macinfo)

.debug_pubnames
 *(.debug_pubnames)

.debug_ranges
 *(.debug_ranges)

.debug_aranges
 *(.debug_aranges)
                    0x0000                  WREG0 = 0x0
                    0x0000                  _WREG0 = 0x0
                    0x0002                  WREG1 = 0x2
                    0x0002                  _WREG1 = 0x2
                    0x0004                  WREG2 = 0x4
                    0x0004                  _WREG2 = 0x4
                    0x0006                  WREG3 = 0x6
                    0x0006                  _WREG3 = 0x6
                    0x0008                  WREG4 = 0x8
                    0x0008                  _WREG4 = 0x8
                    0x000a                  WREG5 = 0xa
                    0x000a                  _WREG5 = 0xa
                    0x000c                  WREG6 = 0xc
                    0x000c                  _WREG6 = 0xc
                    0x000e                  WREG7 = 0xe
                    0x000e                  _WREG7 = 0xe
                    0x0010                  WREG8 = 0x10
                    0x0010                  _WREG8 = 0x10
                    0x0012                  WREG9 = 0x12
                    0x0012                  _WREG9 = 0x12
                    0x0014                  WREG10 = 0x14
                    0x0014                  _WREG10 = 0x14
                    0x0016                  WREG11 = 0x16
                    0x0016                  _WREG11 = 0x16
                    0x0018                  WREG12 = 0x18
                    0x0018                  _WREG12 = 0x18
                    0x001a                  WREG13 = 0x1a
                    0x001a                  _WREG13 = 0x1a
                    0x001c                  WREG14 = 0x1c
                    0x001c                  _WREG14 = 0x1c
                    0x001e                  WREG15 = 0x1e
                    0x001e                  _WREG15 = 0x1e
                    0x0020                  SPLIM = 0x20
                    0x0020                  _SPLIM = 0x20
                    0x002e                  PCL = 0x2e
                    0x002e                  _PCL = 0x2e
                    0x0030                  PCH = 0x30
                    0x0030                  _PCH = 0x30
                    0x0032                  TBLPAG = 0x32
                    0x0032                  _TBLPAG = 0x32
                    0x0034                  PSVPAG = 0x34
                    0x0034                  _PSVPAG = 0x34
                    0x0036                  RCOUNT = 0x36
                    0x0036                  _RCOUNT = 0x36
                    0x0042                  SR = 0x42
                    0x0042                  _SR = 0x42
                    0x0042                  _SRbits = 0x42
                    0x0044                  CORCON = 0x44
                    0x0044                  _CORCON = 0x44
                    0x0044                  _CORCONbits = 0x44
                    0x0052                  DISICNT = 0x52
                    0x0052                  _DISICNT = 0x52
                    0x0060                  CNEN1 = 0x60
                    0x0060                  _CNEN1 = 0x60
                    0x0060                  _CNEN1bits = 0x60
                    0x0062                  CNEN2 = 0x62
                    0x0062                  _CNEN2 = 0x62
                    0x0062                  _CNEN2bits = 0x62
                    0x0068                  CNPU1 = 0x68
                    0x0068                  _CNPU1 = 0x68
                    0x0068                  _CNPU1bits = 0x68
                    0x006a                  CNPU2 = 0x6a
                    0x006a                  _CNPU2 = 0x6a
                    0x006a                  _CNPU2bits = 0x6a
                    0x0080                  INTCON1 = 0x80
                    0x0080                  _INTCON1 = 0x80
                    0x0080                  _INTCON1bits = 0x80
                    0x0082                  INTCON2 = 0x82
                    0x0082                  _INTCON2 = 0x82
                    0x0082                  _INTCON2bits = 0x82
                    0x0084                  IFS0 = 0x84
                    0x0084                  _IFS0 = 0x84
                    0x0084                  _IFS0bits = 0x84
                    0x0086                  IFS1 = 0x86
                    0x0086                  _IFS1 = 0x86
                    0x0086                  _IFS1bits = 0x86
                    0x0088                  IFS2 = 0x88
                    0x0088                  _IFS2 = 0x88
                    0x0088                  _IFS2bits = 0x88
                    0x008a                  IFS3 = 0x8a
                    0x008a                  _IFS3 = 0x8a
                    0x008a                  _IFS3bits = 0x8a
                    0x008c                  IFS4 = 0x8c
                    0x008c                  _IFS4 = 0x8c
                    0x008c                  _IFS4bits = 0x8c
                    0x0094                  IEC0 = 0x94
                    0x0094                  _IEC0 = 0x94
                    0x0094                  _IEC0bits = 0x94
                    0x0096                  IEC1 = 0x96
                    0x0096                  _IEC1 = 0x96
                    0x0096                  _IEC1bits = 0x96
                    0x0098                  IEC2 = 0x98
                    0x0098                  _IEC2 = 0x98
                    0x0098                  _IEC2bits = 0x98
                    0x009a                  IEC3 = 0x9a
                    0x009a                  _IEC3 = 0x9a
                    0x009a                  _IEC3bits = 0x9a
                    0x009c                  IEC4 = 0x9c
                    0x009c                  _IEC4 = 0x9c
                    0x009c                  _IEC4bits = 0x9c
                    0x00a4                  IPC0 = 0xa4
                    0x00a4                  _IPC0 = 0xa4
                    0x00a4                  _IPC0bits = 0xa4
                    0x00a6                  IPC1 = 0xa6
                    0x00a6                  _IPC1 = 0xa6
                    0x00a6                  _IPC1bits = 0xa6
                    0x00a8                  IPC2 = 0xa8
                    0x00a8                  _IPC2 = 0xa8
                    0x00a8                  _IPC2bits = 0xa8
                    0x00aa                  IPC3 = 0xaa
                    0x00aa                  _IPC3 = 0xaa
                    0x00aa                  _IPC3bits = 0xaa
                    0x00ac                  IPC4 = 0xac
                    0x00ac                  _IPC4 = 0xac
                    0x00ac                  _IPC4bits = 0xac
                    0x00ae                  IPC5 = 0xae
                    0x00ae                  _IPC5 = 0xae
                    0x00ae                  _IPC5bits = 0xae
                    0x00b0                  IPC6 = 0xb0
                    0x00b0                  _IPC6 = 0xb0
                    0x00b0                  _IPC6bits = 0xb0
                    0x00b2                  IPC7 = 0xb2
                    0x00b2                  _IPC7 = 0xb2
                    0x00b2                  _IPC7bits = 0xb2
                    0x00b4                  IPC8 = 0xb4
                    0x00b4                  _IPC8 = 0xb4
                    0x00b4                  _IPC8bits = 0xb4
                    0x00b6                  IPC9 = 0xb6
                    0x00b6                  _IPC9 = 0xb6
                    0x00b6                  _IPC9bits = 0xb6
                    0x00ba                  IPC11 = 0xba
                    0x00ba                  _IPC11 = 0xba
                    0x00ba                  _IPC11bits = 0xba
                    0x00c2                  IPC15 = 0xc2
                    0x00c2                  _IPC15 = 0xc2
                    0x00c2                  _IPC15bits = 0xc2
                    0x00c4                  IPC16 = 0xc4
                    0x00c4                  _IPC16 = 0xc4
                    0x00c4                  _IPC16bits = 0xc4
                    0x00c6                  IPC17 = 0xc6
                    0x00c6                  _IPC17 = 0xc6
                    0x00c6                  _IPC17bits = 0xc6
                    0x00e0                  INTTREG = 0xe0
                    0x00e0                  _INTTREG = 0xe0
                    0x00e0                  _INTTREGbits = 0xe0
                    0x0100                  TMR1 = 0x100
                    0x0100                  _TMR1 = 0x100
                    0x0102                  PR1 = 0x102
                    0x0102                  _PR1 = 0x102
                    0x0104                  T1CON = 0x104
                    0x0104                  _T1CON = 0x104
                    0x0104                  _T1CONbits = 0x104
                    0x0106                  TMR2 = 0x106
                    0x0106                  _TMR2 = 0x106
                    0x0108                  TMR3HLD = 0x108
                    0x0108                  _TMR3HLD = 0x108
                    0x010a                  TMR3 = 0x10a
                    0x010a                  _TMR3 = 0x10a
                    0x010c                  PR2 = 0x10c
                    0x010c                  _PR2 = 0x10c
                    0x010e                  PR3 = 0x10e
                    0x010e                  _PR3 = 0x10e
                    0x0110                  T2CON = 0x110
                    0x0110                  _T2CON = 0x110
                    0x0110                  _T2CONbits = 0x110
                    0x0112                  T3CON = 0x112
                    0x0112                  _T3CON = 0x112
                    0x0112                  _T3CONbits = 0x112
                    0x0114                  TMR4 = 0x114
                    0x0114                  _TMR4 = 0x114
                    0x0116                  TMR5HLD = 0x116
                    0x0116                  _TMR5HLD = 0x116
                    0x0118                  TMR5 = 0x118
                    0x0118                  _TMR5 = 0x118
                    0x011a                  PR4 = 0x11a
                    0x011a                  _PR4 = 0x11a
                    0x011c                  PR5 = 0x11c
                    0x011c                  _PR5 = 0x11c
                    0x011e                  T4CON = 0x11e
                    0x011e                  _T4CON = 0x11e
                    0x011e                  _T4CONbits = 0x11e
                    0x0120                  T5CON = 0x120
                    0x0120                  _T5CON = 0x120
                    0x0120                  _T5CONbits = 0x120
                    0x0140                  IC1BUF = 0x140
                    0x0140                  _IC1BUF = 0x140
                    0x0142                  IC1CON = 0x142
                    0x0142                  _IC1CON = 0x142
                    0x0142                  _IC1CONbits = 0x142
                    0x0144                  IC2BUF = 0x144
                    0x0144                  _IC2BUF = 0x144
                    0x0146                  IC2CON = 0x146
                    0x0146                  _IC2CON = 0x146
                    0x0146                  _IC2CONbits = 0x146
                    0x0158                  IC7BUF = 0x158
                    0x0158                  _IC7BUF = 0x158
                    0x015a                  IC7CON = 0x15a
                    0x015a                  _IC7CON = 0x15a
                    0x015a                  _IC7CONbits = 0x15a
                    0x015c                  IC8BUF = 0x15c
                    0x015c                  _IC8BUF = 0x15c
                    0x015e                  IC8CON = 0x15e
                    0x015e                  _IC8CON = 0x15e
                    0x015e                  _IC8CONbits = 0x15e
                    0x0180                  OC1RS = 0x180
                    0x0180                  _OC1RS = 0x180
                    0x0182                  OC1R = 0x182
                    0x0182                  _OC1R = 0x182
                    0x0184                  OC1CON = 0x184
                    0x0184                  _OC1CON = 0x184
                    0x0184                  _OC1CONbits = 0x184
                    0x0186                  OC2RS = 0x186
                    0x0186                  _OC2RS = 0x186
                    0x0188                  OC2R = 0x188
                    0x0188                  _OC2R = 0x188
                    0x018a                  OC2CON = 0x18a
                    0x018a                  _OC2CON = 0x18a
                    0x018a                  _OC2CONbits = 0x18a
                    0x018c                  OC3RS = 0x18c
                    0x018c                  _OC3RS = 0x18c
                    0x018e                  OC3R = 0x18e
                    0x018e                  _OC3R = 0x18e
                    0x0190                  OC3CON = 0x190
                    0x0190                  _OC3CON = 0x190
                    0x0190                  _OC3CONbits = 0x190
                    0x0192                  OC4RS = 0x192
                    0x0192                  _OC4RS = 0x192
                    0x0194                  OC4R = 0x194
                    0x0194                  _OC4R = 0x194
                    0x0196                  OC4CON = 0x196
                    0x0196                  _OC4CON = 0x196
                    0x0196                  _OC4CONbits = 0x196
                    0x0200                  I2C1RCV = 0x200
                    0x0200                  _I2C1RCV = 0x200
                    0x0200                  I2CRCV = 0x200
                    0x0200                  _I2CRCV = 0x200
                    0x0202                  I2C1TRN = 0x202
                    0x0202                  _I2C1TRN = 0x202
                    0x0202                  I2CTRN = 0x202
                    0x0202                  _I2CTRN = 0x202
                    0x0204                  I2C1BRG = 0x204
                    0x0204                  _I2C1BRG = 0x204
                    0x0206                  I2C1CON = 0x206
                    0x0206                  _I2C1CON = 0x206
                    0x0206                  _I2C1CONbits = 0x206
                    0x0206                  I2CCON = 0x206
                    0x0206                  _I2CCON = 0x206
                    0x0206                  _I2CCONbits = 0x206
                    0x0208                  I2C1STAT = 0x208
                    0x0208                  _I2C1STAT = 0x208
                    0x0208                  _I2C1STATbits = 0x208
                    0x0208                  I2CSTAT = 0x208
                    0x0208                  _I2CSTAT = 0x208
                    0x0208                  _I2CSTATbits = 0x208
                    0x020a                  I2C1ADD = 0x20a
                    0x020a                  _I2C1ADD = 0x20a
                    0x020a                  I2CADD = 0x20a
                    0x020a                  _I2CADD = 0x20a
                    0x020c                  I2C1MSK = 0x20c
                    0x020c                  _I2C1MSK = 0x20c
                    0x0220                  U1MODE = 0x220
                    0x0220                  _U1MODE = 0x220
                    0x0220                  _U1MODEbits = 0x220
                    0x0222                  U1STA = 0x222
                    0x0222                  _U1STA = 0x222
                    0x0222                  _U1STAbits = 0x222
                    0x0224                  U1TXREG = 0x224
                    0x0224                  _U1TXREG = 0x224
                    0x0224                  _U1TXREGbits = 0x224
                    0x0226                  U1RXREG = 0x226
                    0x0226                  _U1RXREG = 0x226
                    0x0226                  _U1RXREGbits = 0x226
                    0x0228                  U1BRG = 0x228
                    0x0228                  _U1BRG = 0x228
                    0x0230                  U2MODE = 0x230
                    0x0230                  _U2MODE = 0x230
                    0x0230                  _U2MODEbits = 0x230
                    0x0232                  U2STA = 0x232
                    0x0232                  _U2STA = 0x232
                    0x0232                  _U2STAbits = 0x232
                    0x0234                  U2TXREG = 0x234
                    0x0234                  _U2TXREG = 0x234
                    0x0234                  _U2TXREGbits = 0x234
                    0x0236                  U2RXREG = 0x236
                    0x0236                  _U2RXREG = 0x236
                    0x0236                  _U2RXREGbits = 0x236
                    0x0238                  U2BRG = 0x238
                    0x0238                  _U2BRG = 0x238
                    0x0240                  SPI1STAT = 0x240
                    0x0240                  _SPI1STAT = 0x240
                    0x0240                  _SPI1STATbits = 0x240
                    0x0242                  SPI1CON1 = 0x242
                    0x0242                  _SPI1CON1 = 0x242
                    0x0242                  _SPI1CON1bits = 0x242
                    0x0244                  SPI1CON2 = 0x244
                    0x0244                  _SPI1CON2 = 0x244
                    0x0244                  _SPI1CON2bits = 0x244
                    0x0248                  SPI1BUF = 0x248
                    0x0248                  _SPI1BUF = 0x248
                    0x0260                  SPI2STAT = 0x260
                    0x0260                  _SPI2STAT = 0x260
                    0x0260                  _SPI2STATbits = 0x260
                    0x0262                  SPI2CON1 = 0x262
                    0x0262                  _SPI2CON1 = 0x262
                    0x0262                  _SPI2CON1bits = 0x262
                    0x0264                  SPI2CON2 = 0x264
                    0x0264                  _SPI2CON2 = 0x264
                    0x0264                  _SPI2CON2bits = 0x264
                    0x0268                  SPI2BUF = 0x268
                    0x0268                  _SPI2BUF = 0x268
                    0x02c0                  TRISA = 0x2c0
                    0x02c0                  _TRISA = 0x2c0
                    0x02c0                  _TRISAbits = 0x2c0
                    0x02c2                  PORTA = 0x2c2
                    0x02c2                  _PORTA = 0x2c2
                    0x02c2                  _PORTAbits = 0x2c2
                    0x02c4                  LATA = 0x2c4
                    0x02c4                  _LATA = 0x2c4
                    0x02c4                  _LATAbits = 0x2c4
                    0x02c6                  ODCA = 0x2c6
                    0x02c6                  _ODCA = 0x2c6
                    0x02c6                  _ODCAbits = 0x2c6
                    0x02c8                  TRISB = 0x2c8
                    0x02c8                  _TRISB = 0x2c8
                    0x02c8                  _TRISBbits = 0x2c8
                    0x02ca                  PORTB = 0x2ca
                    0x02ca                  _PORTB = 0x2ca
                    0x02ca                  _PORTBbits = 0x2ca
                    0x02cc                  LATB = 0x2cc
                    0x02cc                  _LATB = 0x2cc
                    0x02cc                  _LATBbits = 0x2cc
                    0x02ce                  ODCB = 0x2ce
                    0x02ce                  _ODCB = 0x2ce
                    0x02ce                  _ODCBbits = 0x2ce
                    0x02fc                  PADCFG1 = 0x2fc
                    0x02fc                  _PADCFG1 = 0x2fc
                    0x02fc                  _PADCFG1bits = 0x2fc
                    0x0300                  ADC1BUF0 = 0x300
                    0x0300                  _ADC1BUF0 = 0x300
                    0x0300                  ADCBUF0 = 0x300
                    0x0300                  _ADCBUF0 = 0x300
                    0x0320                  AD1CON1 = 0x320
                    0x0320                  _AD1CON1 = 0x320
                    0x0320                  _AD1CON1bits = 0x320
                    0x0322                  AD1CON2 = 0x322
                    0x0322                  _AD1CON2 = 0x322
                    0x0322                  _AD1CON2bits = 0x322
                    0x0324                  AD1CON3 = 0x324
                    0x0324                  _AD1CON3 = 0x324
                    0x0324                  _AD1CON3bits = 0x324
                    0x0326                  AD1CHS123 = 0x326
                    0x0326                  _AD1CHS123 = 0x326
                    0x0326                  _AD1CHS123bits = 0x326
                    0x0328                  AD1CHS0 = 0x328
                    0x0328                  _AD1CHS0 = 0x328
                    0x0328                  _AD1CHS0bits = 0x328
                    0x032c                  AD1PCFGL = 0x32c
                    0x032c                  _AD1PCFGL = 0x32c
                    0x032c                  _AD1PCFGLbits = 0x32c
                    0x032c                  ADPCFG = 0x32c
                    0x032c                  _ADPCFG = 0x32c
                    0x032c                  _ADPCFGbits = 0x32c
                    0x0330                  AD1CSSL = 0x330
                    0x0330                  _AD1CSSL = 0x330
                    0x0330                  _AD1CSSLbits = 0x330
                    0x0332                  AD1CON4 = 0x332
                    0x0332                  _AD1CON4 = 0x332
                    0x0332                  _AD1CON4bits = 0x332
                    0x0380                  DMA0CON = 0x380
                    0x0380                  _DMA0CON = 0x380
                    0x0380                  _DMA0CONbits = 0x380
                    0x0382                  DMA0REQ = 0x382
                    0x0382                  _DMA0REQ = 0x382
                    0x0382                  _DMA0REQbits = 0x382
                    0x0384                  DMA0STA = 0x384
                    0x0384                  _DMA0STA = 0x384
                    0x0386                  DMA0STB = 0x386
                    0x0386                  _DMA0STB = 0x386
                    0x0388                  DMA0PAD = 0x388
                    0x0388                  _DMA0PAD = 0x388
                    0x038a                  DMA0CNT = 0x38a
                    0x038a                  _DMA0CNT = 0x38a
                    0x038c                  DMA1CON = 0x38c
                    0x038c                  _DMA1CON = 0x38c
                    0x038c                  _DMA1CONbits = 0x38c
                    0x038e                  DMA1REQ = 0x38e
                    0x038e                  _DMA1REQ = 0x38e
                    0x038e                  _DMA1REQbits = 0x38e
                    0x0390                  DMA1STA = 0x390
                    0x0390                  _DMA1STA = 0x390
                    0x0392                  DMA1STB = 0x392
                    0x0392                  _DMA1STB = 0x392
                    0x0394                  DMA1PAD = 0x394
                    0x0394                  _DMA1PAD = 0x394
                    0x0396                  DMA1CNT = 0x396
                    0x0396                  _DMA1CNT = 0x396
                    0x0398                  DMA2CON = 0x398
                    0x0398                  _DMA2CON = 0x398
                    0x0398                  _DMA2CONbits = 0x398
                    0x039a                  DMA2REQ = 0x39a
                    0x039a                  _DMA2REQ = 0x39a
                    0x039a                  _DMA2REQbits = 0x39a
                    0x039c                  DMA2STA = 0x39c
                    0x039c                  _DMA2STA = 0x39c
                    0x039e                  DMA2STB = 0x39e
                    0x039e                  _DMA2STB = 0x39e
                    0x03a0                  DMA2PAD = 0x3a0
                    0x03a0                  _DMA2PAD = 0x3a0
                    0x03a2                  DMA2CNT = 0x3a2
                    0x03a2                  _DMA2CNT = 0x3a2
                    0x03a4                  DMA3CON = 0x3a4
                    0x03a4                  _DMA3CON = 0x3a4
                    0x03a4                  _DMA3CONbits = 0x3a4
                    0x03a6                  DMA3REQ = 0x3a6
                    0x03a6                  _DMA3REQ = 0x3a6
                    0x03a6                  _DMA3REQbits = 0x3a6
                    0x03a8                  DMA3STA = 0x3a8
                    0x03a8                  _DMA3STA = 0x3a8
                    0x03aa                  DMA3STB = 0x3aa
                    0x03aa                  _DMA3STB = 0x3aa
                    0x03ac                  DMA3PAD = 0x3ac
                    0x03ac                  _DMA3PAD = 0x3ac
                    0x03ae                  DMA3CNT = 0x3ae
                    0x03ae                  _DMA3CNT = 0x3ae
                    0x03b0                  DMA4CON = 0x3b0
                    0x03b0                  _DMA4CON = 0x3b0
                    0x03b0                  _DMA4CONbits = 0x3b0
                    0x03b2                  DMA4REQ = 0x3b2
                    0x03b2                  _DMA4REQ = 0x3b2
                    0x03b2                  _DMA4REQbits = 0x3b2
                    0x03b4                  DMA4STA = 0x3b4
                    0x03b4                  _DMA4STA = 0x3b4
                    0x03b6                  DMA4STB = 0x3b6
                    0x03b6                  _DMA4STB = 0x3b6
                    0x03b8                  DMA4PAD = 0x3b8
                    0x03b8                  _DMA4PAD = 0x3b8
                    0x03ba                  DMA4CNT = 0x3ba
                    0x03ba                  _DMA4CNT = 0x3ba
                    0x03bc                  DMA5CON = 0x3bc
                    0x03bc                  _DMA5CON = 0x3bc
                    0x03bc                  _DMA5CONbits = 0x3bc
                    0x03be                  DMA5REQ = 0x3be
                    0x03be                  _DMA5REQ = 0x3be
                    0x03be                  _DMA5REQbits = 0x3be
                    0x03c0                  DMA5STA = 0x3c0
                    0x03c0                  _DMA5STA = 0x3c0
                    0x03c2                  DMA5STB = 0x3c2
                    0x03c2                  _DMA5STB = 0x3c2
                    0x03c4                  DMA5PAD = 0x3c4
                    0x03c4                  _DMA5PAD = 0x3c4
                    0x03c6                  DMA5CNT = 0x3c6
                    0x03c6                  _DMA5CNT = 0x3c6
                    0x03c8                  DMA6CON = 0x3c8
                    0x03c8                  _DMA6CON = 0x3c8
                    0x03c8                  _DMA6CONbits = 0x3c8
                    0x03ca                  DMA6REQ = 0x3ca
                    0x03ca                  _DMA6REQ = 0x3ca
                    0x03ca                  _DMA6REQbits = 0x3ca
                    0x03cc                  DMA6STA = 0x3cc
                    0x03cc                  _DMA6STA = 0x3cc
                    0x03ce                  DMA6STB = 0x3ce
                    0x03ce                  _DMA6STB = 0x3ce
                    0x03d0                  DMA6PAD = 0x3d0
                    0x03d0                  _DMA6PAD = 0x3d0
                    0x03d2                  DMA6CNT = 0x3d2
                    0x03d2                  _DMA6CNT = 0x3d2
                    0x03d4                  DMA7CON = 0x3d4
                    0x03d4                  _DMA7CON = 0x3d4
                    0x03d4                  _DMA7CONbits = 0x3d4
                    0x03d6                  DMA7REQ = 0x3d6
                    0x03d6                  _DMA7REQ = 0x3d6
                    0x03d6                  _DMA7REQbits = 0x3d6
                    0x03d8                  DMA7STA = 0x3d8
                    0x03d8                  _DMA7STA = 0x3d8
                    0x03da                  DMA7STB = 0x3da
                    0x03da                  _DMA7STB = 0x3da
                    0x03dc                  DMA7PAD = 0x3dc
                    0x03dc                  _DMA7PAD = 0x3dc
                    0x03de                  DMA7CNT = 0x3de
                    0x03de                  _DMA7CNT = 0x3de
                    0x03e0                  DMACS0 = 0x3e0
                    0x03e0                  _DMACS0 = 0x3e0
                    0x03e0                  _DMACS0bits = 0x3e0
                    0x03e2                  DMACS1 = 0x3e2
                    0x03e2                  _DMACS1 = 0x3e2
                    0x03e2                  _DMACS1bits = 0x3e2
                    0x03e4                  DSADR = 0x3e4
                    0x03e4                  _DSADR = 0x3e4
                    0x0600                  PMCON = 0x600
                    0x0600                  _PMCON = 0x600
                    0x0600                  _PMCONbits = 0x600
                    0x0602                  PMMODE = 0x602
                    0x0602                  _PMMODE = 0x602
                    0x0602                  _PMMODEbits = 0x602
                    0x0604                  PMADDR = 0x604
                    0x0604                  _PMADDR = 0x604
                    0x0604                  _PMADDRbits = 0x604
                    0x0604                  PMDOUT1 = 0x604
                    0x0604                  _PMDOUT1 = 0x604
                    0x0606                  PMDOUT2 = 0x606
                    0x0606                  _PMDOUT2 = 0x606
                    0x0608                  PMDIN1 = 0x608
                    0x0608                  _PMDIN1 = 0x608
                    0x060a                  PMDIN2 = 0x60a
                    0x060a                  _PMDIN2 = 0x60a
                    0x060c                  PMAEN = 0x60c
                    0x060c                  _PMAEN = 0x60c
                    0x060c                  _PMAENbits = 0x60c
                    0x060e                  PMSTAT = 0x60e
                    0x060e                  _PMSTAT = 0x60e
                    0x060e                  _PMSTATbits = 0x60e
                    0x0620                  ALRMVAL = 0x620
                    0x0620                  _ALRMVAL = 0x620
                    0x0622                  ALCFGRPT = 0x622
                    0x0622                  _ALCFGRPT = 0x622
                    0x0622                  _ALCFGRPTbits = 0x622
                    0x0624                  RTCVAL = 0x624
                    0x0624                  _RTCVAL = 0x624
                    0x0626                  RCFGCAL = 0x626
                    0x0626                  _RCFGCAL = 0x626
                    0x0626                  _RCFGCALbits = 0x626
                    0x0630                  CMCON = 0x630
                    0x0630                  _CMCON = 0x630
                    0x0630                  _CMCONbits = 0x630
                    0x0632                  CVRCON = 0x632
                    0x0632                  _CVRCON = 0x632
                    0x0632                  _CVRCONbits = 0x632
                    0x0640                  CRCCON = 0x640
                    0x0640                  _CRCCON = 0x640
                    0x0640                  _CRCCONbits = 0x640
                    0x0642                  CRCXOR = 0x642
                    0x0642                  _CRCXOR = 0x642
                    0x0644                  CRCDAT = 0x644
                    0x0644                  _CRCDAT = 0x644
                    0x0646                  CRCWDAT = 0x646
                    0x0646                  _CRCWDAT = 0x646
                    0x0680                  RPINR0 = 0x680
                    0x0680                  _RPINR0 = 0x680
                    0x0680                  _RPINR0bits = 0x680
                    0x0682                  RPINR1 = 0x682
                    0x0682                  _RPINR1 = 0x682
                    0x0682                  _RPINR1bits = 0x682
                    0x0686                  RPINR3 = 0x686
                    0x0686                  _RPINR3 = 0x686
                    0x0686                  _RPINR3bits = 0x686
                    0x0688                  RPINR4 = 0x688
                    0x0688                  _RPINR4 = 0x688
                    0x0688                  _RPINR4bits = 0x688
                    0x068e                  RPINR7 = 0x68e
                    0x068e                  _RPINR7 = 0x68e
                    0x068e                  _RPINR7bits = 0x68e
                    0x0694                  RPINR10 = 0x694
                    0x0694                  _RPINR10 = 0x694
                    0x0694                  _RPINR10bits = 0x694
                    0x0696                  RPINR11 = 0x696
                    0x0696                  _RPINR11 = 0x696
                    0x0696                  _RPINR11bits = 0x696
                    0x06a4                  RPINR18 = 0x6a4
                    0x06a4                  _RPINR18 = 0x6a4
                    0x06a4                  _RPINR18bits = 0x6a4
                    0x06a6                  RPINR19 = 0x6a6
                    0x06a6                  _RPINR19 = 0x6a6
                    0x06a6                  _RPINR19bits = 0x6a6
                    0x06a8                  RPINR20 = 0x6a8
                    0x06a8                  _RPINR20 = 0x6a8
                    0x06a8                  _RPINR20bits = 0x6a8
                    0x06aa                  RPINR21 = 0x6aa
                    0x06aa                  _RPINR21 = 0x6aa
                    0x06aa                  _RPINR21bits = 0x6aa
                    0x06ac                  RPINR22 = 0x6ac
                    0x06ac                  _RPINR22 = 0x6ac
                    0x06ac                  _RPINR22bits = 0x6ac
                    0x06ae                  RPINR23 = 0x6ae
                    0x06ae                  _RPINR23 = 0x6ae
                    0x06ae                  _RPINR23bits = 0x6ae
                    0x06c0                  RPOR0 = 0x6c0
                    0x06c0                  _RPOR0 = 0x6c0
                    0x06c0                  _RPOR0bits = 0x6c0
                    0x06c2                  RPOR1 = 0x6c2
                    0x06c2                  _RPOR1 = 0x6c2
                    0x06c2                  _RPOR1bits = 0x6c2
                    0x06c4                  RPOR2 = 0x6c4
                    0x06c4                  _RPOR2 = 0x6c4
                    0x06c4                  _RPOR2bits = 0x6c4
                    0x06c6                  RPOR3 = 0x6c6
                    0x06c6                  _RPOR3 = 0x6c6
                    0x06c6                  _RPOR3bits = 0x6c6
                    0x06c8                  RPOR4 = 0x6c8
                    0x06c8                  _RPOR4 = 0x6c8
                    0x06c8                  _RPOR4bits = 0x6c8
                    0x06ca                  RPOR5 = 0x6ca
                    0x06ca                  _RPOR5 = 0x6ca
                    0x06ca                  _RPOR5bits = 0x6ca
                    0x06cc                  RPOR6 = 0x6cc
                    0x06cc                  _RPOR6 = 0x6cc
                    0x06cc                  _RPOR6bits = 0x6cc
                    0x06ce                  RPOR7 = 0x6ce
                    0x06ce                  _RPOR7 = 0x6ce
                    0x06ce                  _RPOR7bits = 0x6ce
                    0x0740                  RCON = 0x740
                    0x0740                  _RCON = 0x740
                    0x0740                  _RCONbits = 0x740
                    0x0742                  OSCCON = 0x742
                    0x0742                  _OSCCON = 0x742
                    0x0742                  _OSCCONbits = 0x742
                    0x0742                  OSCCONL = 0x742
                    0x0742                  _OSCCONL = 0x742
                    0x0743                  OSCCONH = 0x743
                    0x0743                  _OSCCONH = 0x743
                    0x0744                  CLKDIV = 0x744
                    0x0744                  _CLKDIV = 0x744
                    0x0744                  _CLKDIVbits = 0x744
                    0x0746                  PLLFBD = 0x746
                    0x0746                  _PLLFBD = 0x746
                    0x0746                  _PLLFBDbits = 0x746
                    0x0748                  OSCTUN = 0x748
                    0x0748                  _OSCTUN = 0x748
                    0x0748                  _OSCTUNbits = 0x748
                    0x0750                  BSRAM = 0x750
                    0x0750                  _BSRAM = 0x750
                    0x0750                  _BSRAMbits = 0x750
                    0x0752                  SSRAM = 0x752
                    0x0752                  _SSRAM = 0x752
                    0x0752                  _SSRAMbits = 0x752
                    0x0760                  NVMCON = 0x760
                    0x0760                  _NVMCON = 0x760
                    0x0760                  _NVMCONbits = 0x760
                    0x0766                  NVMKEY = 0x766
                    0x0766                  _NVMKEY = 0x766
                    0x0770                  PMD1 = 0x770
                    0x0770                  _PMD1 = 0x770
                    0x0770                  _PMD1bits = 0x770
                    0x0772                  PMD2 = 0x772
                    0x0772                  _PMD2 = 0x772
                    0x0772                  _PMD2bits = 0x772
                    0x0774                  PMD3 = 0x774
                    0x0774                  _PMD3 = 0x774
                    0x0774                  _PMD3bits = 0x774
                    0x0140                  IC1 = 0x140
                    0x0140                  _IC1 = 0x140
                    0x0144                  IC2 = 0x144
                    0x0144                  _IC2 = 0x144
                    0x0158                  IC7 = 0x158
                    0x0158                  _IC7 = 0x158
                    0x015c                  IC8 = 0x15c
                    0x015c                  _IC8 = 0x15c
                    0x0180                  OC1 = 0x180
                    0x0180                  _OC1 = 0x180
                    0x0186                  OC2 = 0x186
                    0x0186                  _OC2 = 0x186
                    0x018c                  OC3 = 0x18c
                    0x018c                  _OC3 = 0x18c
                    0x0192                  OC4 = 0x192
                    0x0192                  _OC4 = 0x192
                    0x0240                  SPI1 = 0x240
                    0x0240                  _SPI1 = 0x240
                    0x0260                  SPI2 = 0x260
                    0x0260                  _SPI2 = 0x260
                    0x0220                  UART1 = 0x220
                    0x0220                  _UART1 = 0x220
                    0x0230                  UART2 = 0x230
                    0x0230                  _UART2 = 0x230
START GROUP
LOAD /opt/microchip/xc16/v1.26/bin/bin/../../lib/liblega-pic30-elf.a
LOAD /opt/microchip/xc16/v1.26/bin/bin/../../lib/libm-elf.a
LOAD /opt/microchip/xc16/v1.26/bin/bin/../../lib/liblega-c-elf.a
END GROUP
OUTPUT(./build/release/TestBuild.out elf32-pic30)
LOAD jump_table
LOAD default_isr
LOAD data_init
LOAD shared_data_init

__c30_signature
                  0x00005e         0xd2
 __c30_signature
                  0x00005e          0x6 build/test/out/test_main_runner.o
 __c30_signature
                  0x000064          0x6 build/test/out/test_main.o
 __c30_signature
                  0x00006a          0x6 build/test/out/unity.o
 __c30_signature
                  0x000070          0x6 build/test/out/main.o
 __c30_signature
                  0x000076          0x6 build/test/out/cmock.o
 __c30_signature
                  0x00007c          0x6 /opt/microchip/xc16/v1.26/bin/bin/../../lib/liblega-pic30-elf.a(crt0_standard.o)
 __c30_signature
                  0x000082          0x6 /opt/microchip/xc16/v1.26/bin/bin/../../lib/liblega-pic30-elf.a(data_init_standard.o)
 __c30_signature
                  0x000088          0x6 /opt/microchip/xc16/v1.26/bin/bin/../../lib/libm-elf.a(addsf3.eo)
 __c30_signature
                  0x00008e          0x6 /opt/microchip/xc16/v1.26/bin/bin/../../lib/libm-elf.a(feqltle.eo)
 __c30_signature
                  0x000094          0x6 /opt/microchip/xc16/v1.26/bin/bin/../../lib/libm-elf.a(fgtge.eo)
 __c30_signature
                  0x00009a          0x6 /opt/microchip/xc16/v1.26/bin/bin/../../lib/libm-elf.a(fne.eo)
 __c30_signature
                  0x0000a0          0x6 /opt/microchip/xc16/v1.26/bin/bin/../../lib/libm-elf.a(fpack.eo)
 __c30_signature
                  0x0000a6          0x6 /opt/microchip/xc16/v1.26/bin/bin/../../lib/libm-elf.a(funpack2.eo)
 __c30_signature
                  0x0000ac          0x6 /opt/microchip/xc16/v1.26/bin/bin/../../lib/libm-elf.a(futil.eo)
 __c30_signature
                  0x0000b2          0x6 /opt/microchip/xc16/v1.26/bin/bin/../../lib/libm-elf.a(mulsf3.eo)
 __c30_signature
                  0x0000b8          0x6 /opt/microchip/xc16/v1.26/bin/bin/../../lib/libm-elf.a(udivsi3.eo)
 __c30_signature
                  0x0000be          0x6 /opt/microchip/xc16/v1.26/bin/bin/../../lib/libm-elf.a(umodsi3.eo)
 __c30_signature
                  0x0000c4          0x6 /opt/microchip/xc16/v1.26/bin/bin/../../lib/libm-elf.a(mulsi3.eo)
 __c30_signature
                  0x0000ca          0x6 /opt/microchip/xc16/v1.26/bin/bin/../../lib/libm-elf.a(fcompare.eo)
 __c30_signature
                  0x0000d0          0x6 /opt/microchip/xc16/v1.26/bin/bin/../../lib/libm-elf.a(funpack.eo)
 __c30_signature
                  0x0000d6          0x6 /opt/microchip/xc16/v1.26/bin/bin/../../lib/liblega-c-elf.a(fflush.XXeo)
 __c30_signature
                  0x0000dc          0x6 /opt/microchip/xc16/v1.26/bin/bin/../../lib/liblega-c-elf.a(fputc.XXeo)
 __c30_signature
                  0x0000e2          0x6 /opt/microchip/xc16/v1.26/bin/bin/../../lib/liblega-c-elf.a(xfiles.XXeo)
 __c30_signature
                  0x0000e8          0x6 /opt/microchip/xc16/v1.26/bin/bin/../../lib/liblega-c-elf.a(xfwprep.XXeo)
 __c30_signature
                  0x0000ee          0x6 /opt/microchip/xc16/v1.26/bin/bin/../../lib/liblega-c-elf.a(fclose.XXelo)
 __c30_signature
                  0x0000f4          0x6 /opt/microchip/xc16/v1.26/bin/bin/../../lib/liblega-c-elf.a(xatexit.XXelo)
 __c30_signature
                  0x0000fa          0x6 /opt/microchip/xc16/v1.26/bin/bin/../../lib/liblega-c-elf.a(free.XXeo)
 __c30_signature
                  0x000100          0x6 /opt/microchip/xc16/v1.26/bin/bin/../../lib/liblega-c-elf.a(malloc.XXeo)
 __c30_signature
                  0x000106          0x6 /opt/microchip/xc16/v1.26/bin/bin/../../lib/liblega-c-elf.a(xgetmem.XXeo)
 __c30_signature
                  0x00010c          0x6 /opt/microchip/xc16/v1.26/bin/bin/../../lib/liblega-pic30-elf.a(close.Leo)
 __c30_signature
                  0x000112          0x6 /opt/microchip/xc16/v1.26/bin/bin/../../lib/liblega-pic30-elf.a(write.Leo)
 __c30_signature
                  0x000118          0x6 /opt/microchip/xc16/v1.26/bin/bin/../../lib/liblega-pic30-elf.a(remove.Leo)
 __c30_signature
                  0x00011e          0x6 /opt/microchip/xc16/v1.26/bin/bin/../../lib/liblega-pic30-elf.a(sbrk.Leo)
 __c30_signature
                  0x000124          0x6 /opt/microchip/xc16/v1.26/bin/bin/../../lib/liblega-pic30-elf.a(c30_uart.Leo)
 __c30_signature
                  0x00012a          0x6 /opt/microchip/xc16/v1.26/bin/bin/../../lib/liblega-pic30-elf.a(brk.Lelo)

.ndata              0x0800         0x14
 .ndata             0x0800         0x14 build/test/out/cmock.o
                    0x0800                  _CMockStringOutOfMemory
                    0x0802                  _CMockStringCalledMore
                    0x0804                  _CMockStringCalledLess
                    0x0806                  _CMockStringCalledEarly
                    0x0808                  _CMockStringCalledLate
                    0x080a                  _CMockStringCallOrder
                    0x080c                  _CMockStringIgnPreExp
                    0x080e                  _CMockStringPtrPreExp
                    0x0810                  _CMockStringExpNULL
                    0x0812                  _CMockStringMismatch

.nbss               0x0814          0x8
 .nbss              0x0814          0x6 build/test/out/test_main_runner.o
                    0x0814                  _GlobalExpectCount
                    0x0816                  _GlobalVerifyOrder
                    0x0818                  _GlobalOrderError
 .nbss              0x081a          0x2 build/test/out/cmock.o

.bss                0x081c       0x1002
 .bss               0x081c       0x1002 build/test/out/cmock.o

.data               0x181e         0x88
 .data              0x181e         0x88 /opt/microchip/xc16/v1.26/bin/bin/../../lib/liblega-c-elf.a(xfiles.XXeo)
                    0x181e                  __Stdin
                    0x1846                  __Stdout
                    0x186e                  __Stderr
                    0x1896                  __Files

.bss                0x18a6         0x4a
 .bss               0x18a6         0x44 build/test/out/unity.o
                    0x18a6                  _Unity
 .bss               0x18ea          0x4 /opt/microchip/xc16/v1.26/bin/bin/../../lib/liblega-c-elf.a(malloc.XXeo)
                    0x18ea                  __Aldata
 .bss               0x18ee          0x2 /opt/microchip/xc16/v1.26/bin/bin/../../lib/liblega-c-elf.a(fclose.XXelo)

.data               0x18f0          0x4
 .data              0x18f0          0x2 /opt/microchip/xc16/v1.26/bin/bin/../../lib/liblega-c-elf.a(malloc.XXeo)
                    0x18f0                  __Size_block
 .data              0x18f2          0x2 /opt/microchip/xc16/v1.26/bin/bin/../../lib/liblega-pic30-elf.a(c30_uart.Leo)
                    0x18f2                  ___C30_UART

.bss                0x18f4          0x2
 .bss               0x18f4          0x2 /opt/microchip/xc16/v1.26/bin/bin/../../lib/liblega-pic30-elf.a(brk.Lelo)
                    0x18f4                  ___curbrk

.const              0x895e        0x364 load address 0x00095e  
 .const             0x895e        0x1de build/test/out/unity.o
                    0x895e                  _UnityStrErrFloat
                    0x897c                  _UnityStrErrDouble
                    0x899c                  _UnityStrErr64
 .const             0x8b3c        0x148 build/test/out/cmock.o
 .const             0x8c84         0x26 build/test/out/test_main_runner.o
 .const             0x8caa         0x18 build/test/out/test_main.o

.text             0x000cc2       0x136a
 .text            0x000cc2       0x12a2 build/test/out/unity.o
                  0x000dce                  _UnityPrintNumberUnsigned
                  0x000e50                  _UnityPrintNumber
                  0x000e7c                  _UnityPrintNumberHex
                  0x000eda                  _UnityPrintNumberByStyle
                  0x000f50                  _UnityPrintLen
                  0x00102c                  _UnityPrint
                  0x001328                  _UnityPrintMask
                  0x0013c2                  _UnityPrintFail
                  0x0013c6                  _UnityPrintOk
                  0x0013ca                  _UnityConcludeTest
                  0x001424                  _UnityAssertBits
                  0x001498                  _UnityAssertEqualNumber
                  0x0014f4                  _UnityAssertEqualIntArray
                  0x0016a6                  _UnityAssertEqualFloatArray
                  0x00176e                  _UnityAssertFloatsWithin
                  0x0017b2                  _UnityAssertFloatSpecial
                  0x00193c                  _UnityAssertNumbersWithin
                  0x0019e0                  _UnityAssertEqualString
                  0x001a5c                  _UnityAssertEqualStringLen
                  0x001afa                  _UnityAssertEqualStringArray
                  0x001c20                  _UnityAssertEqualMemory
                  0x001d58                  _UnityFail
                  0x001de6                  _UnityIgnore
                  0x001e56                  _UnityDefaultTestRun
                  0x001ea2                  _UnityBegin
                  0x001ec8                  _UnityEnd
 .text            0x001f64         0xc8 build/test/out/cmock.o
                  0x001f64                  _CMock_Guts_MemNew
                  0x001f90                  _CMock_Guts_MemChain
                  0x001fc6                  _CMock_Guts_MemNext
                  0x001fe6                  _CMock_Guts_MemEndOfChain
                  0x002000                  _CMock_Guts_GetAddressFor
                  0x002014                  _CMock_Guts_MemBytesFree
                  0x00201c                  _CMock_Guts_MemBytesUsed
                  0x002020                  _CMock_Guts_MemFreeAll
                  0x002026                  _CMock_Guts_MemFreeFinal

.dinit            0x00202c         0xb2
 .dinit           0x00202c         0xb2 data_init

.text             0x0020de         0x64
 .text            0x0020de         0x56 build/test/out/test_main_runner.o
                  0x0020de                  _resetTest
                  0x0020e6                  _main
 .text            0x002134          0xe build/test/out/test_main.o
                  0x002134                  _setUp
                  0x002136                  _tearDown
                  0x002138                  _test_main_NeedToImplement

.shared.dinit     0x002142          0x2
 .shared.dinit    0x002142          0x2 shared_data_init
